[debug] [2026-03-10T07:41:26.240Z] ----------------------------------------------------------------------
[debug] [2026-03-10T07:41:26.252Z] Command:       C:\Program Files\nodejs\node.exe C:\Users\Lenovo\AppData\Roaming\npm\node_modules\firebase-tools\lib\bin\firebase.js projects:list
[debug] [2026-03-10T07:41:26.253Z] CLI Version:   15.9.0
[debug] [2026-03-10T07:41:26.253Z] Platform:      win32
[debug] [2026-03-10T07:41:26.254Z] Node Version:  v25.4.0
[debug] [2026-03-10T07:41:26.254Z] Time:          Tue Mar 10 2026 13:11:26 GMT+0530 (India Standard Time)
[debug] [2026-03-10T07:41:26.254Z] ----------------------------------------------------------------------
[debug] 
[debug] [2026-03-10T07:41:26.257Z] >>> [apiv2][query] GET https://firebase-public.firebaseio.com/cli.json [none]
[debug] [2026-03-10T07:41:26.808Z] Object "/emulators/functions" in "firebase.json" has unknown property: {"additionalProperty":"env"}
[debug] [2026-03-10T07:41:26.818Z] > command requires scopes: ["email","openid","https://www.googleapis.com/auth/cloudplatformprojects.readonly","https://www.googleapis.com/auth/firebase","https://www.googleapis.com/auth/cloud-platform"]
[debug] [2026-03-10T07:41:26.818Z] > authorizing via signed-in user (classicmalsawma@gmail.com)
[debug] [2026-03-10T07:41:26.823Z] Checked if tokens are valid: false, expires at: 1772801685264
[debug] [2026-03-10T07:41:26.823Z] Checked if tokens are valid: false, expires at: 1772801685264
[debug] [2026-03-10T07:41:26.823Z] > refreshing access token with scopes: []
[debug] [2026-03-10T07:41:26.826Z] >>> [apiv2][query] POST https://www.googleapis.com/oauth2/v3/token [none]
[debug] [2026-03-10T07:41:26.826Z] >>> [apiv2][body] POST https://www.googleapis.com/oauth2/v3/token [omitted]
[debug] [2026-03-10T07:41:27.260Z] <<< [apiv2][status] POST https://www.googleapis.com/oauth2/v3/token 200
[debug] [2026-03-10T07:41:27.260Z] <<< [apiv2][body] POST https://www.googleapis.com/oauth2/v3/token [omitted]
[debug] [2026-03-10T07:41:27.271Z] >>> [apiv2][query] GET https://firebase.googleapis.com/v1beta1/projects pageSize=1000
[debug] [2026-03-10T07:41:27.524Z] <<< [apiv2][status] GET https://firebase-public.firebaseio.com/cli.json 200
[debug] [2026-03-10T07:41:27.524Z] <<< [apiv2][body] GET https://firebase-public.firebaseio.com/cli.json {"cloudBuildErrorAfter":1594252800000,"cloudBuildWarnAfter":1590019200000,"defaultNode10After":1594252800000,"minVersion":"3.0.5","node8DeploysDisabledAfter":1613390400000,"node8RuntimeDisabledAfter":1615809600000,"node8WarnAfter":1600128000000}
[debug] [2026-03-10T07:41:28.158Z] <<< [apiv2][status] GET https://firebase.googleapis.com/v1beta1/projects 200
[debug] [2026-03-10T07:41:28.158Z] <<< [apiv2][body] GET https://firebase.googleapis.com/v1beta1/projects [omitted]
[info] ┌──────────────────────┬──────────────────┬────────────────┬──────────────────────┐
│ Project Display Name │ Project ID       │ Project Number │ Resource Location ID │
├──────────────────────┼──────────────────┼────────────────┼──────────────────────┤
│ mbose-e-office       │ mbose-e-office   │ 42383756468    │ [Not specified]      │
├──────────────────────┼──────────────────┼────────────────┼──────────────────────┤
│ Megsol-TaskSheet     │ megsol-tasksheet │ 681237920815   │ [Not specified]      │
├──────────────────────┼──────────────────┼────────────────┼──────────────────────┤
│ stylegear-webapp     │ stylegear-webapp │ 183775111806   │ [Not specified]      │
└──────────────────────┴──────────────────┴────────────────┴──────────────────────┘
[info] 
[info] 3 project(s) total.
[debug] [2026-03-10T07:42:31.477Z] ----------------------------------------------------------------------
[debug] [2026-03-10T07:42:31.491Z] Command:       C:\Program Files\nodejs\node.exe C:\Users\Lenovo\AppData\Roaming\npm\node_modules\firebase-tools\lib\bin\firebase.js deploy --project jnapartments-baa7a
[debug] [2026-03-10T07:42:31.491Z] CLI Version:   15.9.0
[debug] [2026-03-10T07:42:31.492Z] Platform:      win32
[debug] [2026-03-10T07:42:31.492Z] Node Version:  v25.4.0
[debug] [2026-03-10T07:42:31.492Z] Time:          Tue Mar 10 2026 13:12:31 GMT+0530 (India Standard Time)
[debug] [2026-03-10T07:42:31.492Z] ----------------------------------------------------------------------
[debug] 
[debug] [2026-03-10T07:42:37.630Z] Object "/emulators/functions" in "firebase.json" has unknown property: {"additionalProperty":"env"}
[debug] [2026-03-10T07:42:37.637Z] > command requires scopes: ["email","openid","https://www.googleapis.com/auth/cloudplatformprojects.readonly","https://www.googleapis.com/auth/firebase","https://www.googleapis.com/auth/cloud-platform"]
[debug] [2026-03-10T07:42:37.639Z] > authorizing via signed-in user (classicmalsawma@gmail.com)
[debug] [2026-03-10T07:42:37.639Z] [iam] checking project jnapartments-baa7a for permissions ["cloudfunctions.functions.create","cloudfunctions.functions.delete","cloudfunctions.functions.get","cloudfunctions.functions.list","cloudfunctions.functions.update","cloudfunctions.operations.get","firebase.projects.get","firebasehosting.sites.update"]
[debug] [2026-03-10T07:42:37.643Z] Checked if tokens are valid: true, expires at: 1773132086260
[debug] [2026-03-10T07:42:37.645Z] Checked if tokens are valid: true, expires at: 1773132086260
[debug] [2026-03-10T07:42:37.647Z] >>> [apiv2][query] POST https://cloudresourcemanager.googleapis.com/v1/projects/jnapartments-baa7a:testIamPermissions [none]
[debug] [2026-03-10T07:42:37.647Z] >>> [apiv2][(partial)header] POST https://cloudresourcemanager.googleapis.com/v1/projects/jnapartments-baa7a:testIamPermissions  x-goog-user-project=jnapartments-baa7a
[debug] [2026-03-10T07:42:37.647Z] >>> [apiv2][body] POST https://cloudresourcemanager.googleapis.com/v1/projects/jnapartments-baa7a:testIamPermissions {"permissions":["cloudfunctions.functions.create","cloudfunctions.functions.delete","cloudfunctions.functions.get","cloudfunctions.functions.list","cloudfunctions.functions.update","cloudfunctions.operations.get","firebase.projects.get","firebasehosting.sites.update"]}
[debug] [2026-03-10T07:42:39.278Z] <<< [apiv2][status] POST https://cloudresourcemanager.googleapis.com/v1/projects/jnapartments-baa7a:testIamPermissions 403
[debug] [2026-03-10T07:42:39.278Z] <<< [apiv2][body] POST https://cloudresourcemanager.googleapis.com/v1/projects/jnapartments-baa7a:testIamPermissions {"error":{"code":403,"message":"Caller does not have required permission to use project jnapartments-baa7a. Grant the caller the roles/serviceusage.serviceUsageConsumer role, or a custom role with the serviceusage.services.use permission, by visiting https://console.developers.google.com/iam-admin/iam?project=jnapartments-baa7a and then retry. Propagation of the new permission may take a few minutes.","status":"PERMISSION_DENIED","details":[{"@type":"type.googleapis.com/google.rpc.ErrorInfo","reason":"USER_PROJECT_DENIED","domain":"googleapis.com","metadata":{"service":"cloudresourcemanager.googleapis.com","consoleUrl":"https://console.developers.google.com/iam-admin/iam?project=jnapartments-baa7a","containerInfo":"jnapartments-baa7a","consumer":"projects/jnapartments-baa7a"}},{"@type":"type.googleapis.com/google.rpc.LocalizedMessage","locale":"en-US","message":"Caller does not have required permission to use project jnapartments-baa7a. Grant the caller the roles/serviceusage.serviceUsageConsumer role, or a custom role with the serviceusage.services.use permission, by visiting https://console.developers.google.com/iam-admin/iam?project=jnapartments-baa7a and then retry. Propagation of the new permission may take a few minutes."},{"@type":"type.googleapis.com/google.rpc.Help","links":[{"description":"Google developer console IAM admin","url":"https://console.developers.google.com/iam-admin/iam?project=jnapartments-baa7a"}]}]}}
[debug] [2026-03-10T07:42:39.279Z] [iam] error while checking permissions, command may fail: Request to https://cloudresourcemanager.googleapis.com/v1/projects/jnapartments-baa7a:testIamPermissions had HTTP Error: 403, Caller does not have required permission to use project jnapartments-baa7a. Grant the caller the roles/serviceusage.serviceUsageConsumer role, or a custom role with the serviceusage.services.use permission, by visiting https://console.developers.google.com/iam-admin/iam?project=jnapartments-baa7a and then retry. Propagation of the new permission may take a few minutes.
[debug] [2026-03-10T07:42:39.279Z] Checked if tokens are valid: true, expires at: 1773132086260
[debug] [2026-03-10T07:42:39.280Z] Checked if tokens are valid: true, expires at: 1773132086260
[debug] [2026-03-10T07:42:39.280Z] >>> [apiv2][query] POST https://iam.googleapis.com/v1/projects/jnapartments-baa7a/serviceAccounts/jnapartments-baa7a@appspot.gserviceaccount.com:testIamPermissions [none]
[debug] [2026-03-10T07:42:39.280Z] >>> [apiv2][body] POST https://iam.googleapis.com/v1/projects/jnapartments-baa7a/serviceAccounts/jnapartments-baa7a@appspot.gserviceaccount.com:testIamPermissions {"permissions":["iam.serviceAccounts.actAs"]}
[debug] [2026-03-10T07:42:41.115Z] <<< [apiv2][status] POST https://iam.googleapis.com/v1/projects/jnapartments-baa7a/serviceAccounts/jnapartments-baa7a@appspot.gserviceaccount.com:testIamPermissions 404
[debug] [2026-03-10T07:42:41.115Z] <<< [apiv2][body] POST https://iam.googleapis.com/v1/projects/jnapartments-baa7a/serviceAccounts/jnapartments-baa7a@appspot.gserviceaccount.com:testIamPermissions {"error":{"code":404,"message":"Unknown service account","status":"NOT_FOUND"}}
[debug] [2026-03-10T07:42:41.115Z] [functions] service account IAM check errored, deploy may fail: Request to https://iam.googleapis.com/v1/projects/jnapartments-baa7a/serviceAccounts/jnapartments-baa7a@appspot.gserviceaccount.com:testIamPermissions had HTTP Error: 404, Unknown service account {"name":"FirebaseError","children":[],"context":{"body":{"error":{"code":404,"message":"Unknown service account","status":"NOT_FOUND"}},"response":{"statusCode":404}},"exit":1,"message":"Request to https://iam.googleapis.com/v1/projects/jnapartments-baa7a/serviceAccounts/jnapartments-baa7a@appspot.gserviceaccount.com:testIamPermissions had HTTP Error: 404, Unknown service account","status":404}
[debug] [2026-03-10T07:42:41.117Z] Checked if tokens are valid: true, expires at: 1773132086260
[debug] [2026-03-10T07:42:41.117Z] Checked if tokens are valid: true, expires at: 1773132086260
[debug] [2026-03-10T07:42:41.118Z] >>> [apiv2][query] GET https://firebase.googleapis.com/v1beta1/projects/jnapartments-baa7a [none]
[debug] [2026-03-10T07:42:41.783Z] <<< [apiv2][status] GET https://firebase.googleapis.com/v1beta1/projects/jnapartments-baa7a 403
[debug] [2026-03-10T07:42:41.783Z] <<< [apiv2][body] GET https://firebase.googleapis.com/v1beta1/projects/jnapartments-baa7a {"error":{"code":403,"message":"The caller does not have permission","status":"PERMISSION_DENIED"}}
[debug] [2026-03-10T07:42:41.783Z] Request to https://firebase.googleapis.com/v1beta1/projects/jnapartments-baa7a had HTTP Error: 403, The caller does not have permission
[debug] [2026-03-10T07:42:42.071Z] FirebaseError: Request to https://firebase.googleapis.com/v1beta1/projects/jnapartments-baa7a had HTTP Error: 403, The caller does not have permission
    at responseToError (C:\Users\Lenovo\AppData\Roaming\npm\node_modules\firebase-tools\lib\responseToError.js:53:12)
    at RetryOperation._fn (C:\Users\Lenovo\AppData\Roaming\npm\node_modules\firebase-tools\lib\apiv2.js:333:77)
    at process.processTicksAndRejections (node:internal/process/task_queues:104:5)
[error] 
[error] Error: Failed to get Firebase project jnapartments-baa7a. Please make sure the project exists and your account has permission to access it.
